// Jest Snapshot v1, https://goo.gl/fbAQLP

exports[`Accordian Component only opens the last section when multiple sections have been clicked 1`] = `
<ul
  className="Accordian"
>
  <li
    key="0"
  >
    <button
      onClick={[Function]}
      type="button"
      value={0}
    >
      Click Me
    </button>
    <p
      index={0}
    />
  </li>
  <li
    key="1"
  >
    <button
      onClick={[Function]}
      type="button"
      value={1}
    >
      Click Me
    </button>
    <p
      index={1}
    />
  </li>
  <li
    key="2"
  >
    <button
      onClick={[Function]}
      type="button"
      value={2}
    >
      Click Me
    </button>
    <p
      index={2}
    />
  </li>
</ul>
`;

exports[`Accordian Component opens a clicked section 1`] = `
<ul
  className="Accordian"
>
  <li
    key="0"
  >
    <button
      onClick={[Function]}
      type="button"
      value={0}
    >
      Click Me
    </button>
    <p
      index={0}
    />
  </li>
  <li
    key="1"
  >
    <button
      onClick={[Function]}
      type="button"
      value={1}
    >
      Click Me
    </button>
    <p
      index={1}
    />
  </li>
  <li
    key="2"
  >
    <button
      onClick={[Function]}
      type="button"
      value={2}
    >
      Click Me
    </button>
    <p
      index={2}
    />
  </li>
</ul>
`;

exports[`Accordian Component renders and empty li when the sections prop is not supplied 1`] = `
<ul
  className="Accordian"
/>
`;

exports[`Accordian Component renders no sections as active by default 1`] = `
<ul
  className="Accordian"
>
  <li
    key="0"
  >
    <button
      onClick={[Function]}
      type="button"
      value={0}
    >
      Click Me
    </button>
    <p
      index={0}
    />
  </li>
  <li
    key="1"
  >
    <button
      onClick={[Function]}
      type="button"
      value={1}
    >
      Click Me
    </button>
    <p
      index={1}
    />
  </li>
  <li
    key="2"
  >
    <button
      onClick={[Function]}
      type="button"
      value={2}
    >
      Click Me
    </button>
    <p
      index={2}
    />
  </li>
</ul>
`;
